asn1parse.c:335:12:asn1_get_sequence_of_cb	32	static
asn1parse.c:45:5:mbedtls_asn1_get_len	12	static
asn1parse.c:103:5:mbedtls_asn1_get_tag	12	static
asn1parse.c:118:5:mbedtls_asn1_get_bool	12	static
asn1parse.c:181:5:mbedtls_asn1_get_int	32	static
asn1parse.c:188:5:mbedtls_asn1_get_enum	32	static
asn1parse.c:196:5:mbedtls_asn1_get_mpi	16	static
asn1parse.c:214:5:mbedtls_asn1_get_bitstring	12	static
asn1parse.c:248:5:mbedtls_asn1_traverse_sequence_of	56	static
asn1parse.c:299:5:mbedtls_asn1_get_bitstring_null	12	static
asn1parse.c:318:6:mbedtls_asn1_sequence_free	16	static
asn1parse.c:367:5:mbedtls_asn1_get_sequence_of	56	static
asn1parse.c:379:5:mbedtls_asn1_get_alg	24	static
asn1parse.c:423:5:mbedtls_asn1_get_alg_null	40	static
asn1parse.c:441:6:mbedtls_asn1_free_named_data	8	static
asn1parse.c:452:6:mbedtls_asn1_free_named_data_list	16	static
asn1parse.c:464:26:mbedtls_asn1_find_named_data	16	static
