pk.c:55:6:mbedtls_pk_init	0	static
pk.c:66:6:mbedtls_pk_free	8	static
pk.c:109:27:mbedtls_pk_info_from_type	0	static
pk.c:135:5:mbedtls_pk_setup	16	static
pk.c:189:5:mbedtls_pk_setup_rsa_alt	32	static
pk.c:220:5:mbedtls_pk_can_do	0	static
pk.c:275:5:mbedtls_pk_verify_restartable	32	static
pk.c:323:5:mbedtls_pk_verify	32	static
pk.c:334:5:mbedtls_pk_verify_ext	64	static
pk.c:397:5:mbedtls_pk_sign_restartable	40	static
pk.c:446:5:mbedtls_pk_sign	40	static
pk.c:458:5:mbedtls_pk_decrypt	4	static
pk.c:481:5:mbedtls_pk_encrypt	4	static
pk.c:504:5:mbedtls_pk_check_pair	8	static
pk.c:535:8:mbedtls_pk_get_bitlen	0	static
pk.c:548:5:mbedtls_pk_debug	8	static
pk.c:564:13:mbedtls_pk_get_name	0	static
pk.c:575:19:mbedtls_pk_get_type	0	static
