ssl_tls.c:3124:13:ssl_calc_finished_tls_sha256	192	static
ssl_tls.c:1754:6:ssl_calc_verify_tls_sha256	128	static
ssl_tls.c:2916:13:ssl_update_checksum_start	0	static
ssl_tls.c:575:12:tls_prf_generic.constprop	104	static
ssl_tls.c:648:12:tls_prf_sha256	0	static
ssl_tls.c:2954:13:ssl_update_checksum_sha256	0	static
ssl_tls.c:3650:12:ssl_handshake_init	16	static
ssl_tls.c:184:5:mbedtls_ssl_session_copy	16	static
ssl_tls.c:760:6:mbedtls_ssl_tls_prf	16	static
ssl_tls.c:1578:5:mbedtls_ssl_derive_keys	328	static
ssl_tls.c:2078:5:mbedtls_ssl_write_certificate	24	static
ssl_tls.c:2710:5:mbedtls_ssl_parse_certificate	64	static
ssl_tls.c:2860:6:mbedtls_ssl_optimize_checksum	0	static
ssl_tls.c:2889:6:mbedtls_ssl_reset_checksum	0	static
ssl_tls.c:3275:6:mbedtls_ssl_handshake_wrapup_free_hs_transform	16	static
ssl_tls.c:3300:6:mbedtls_ssl_handshake_wrapup	16	static
ssl_tls.c:3362:5:mbedtls_ssl_write_finished	8	static
ssl_tls.c:3486:5:mbedtls_ssl_parse_finished	32	static
ssl_tls.c:3632:6:mbedtls_ssl_transform_init	8	static
ssl_tls.c:3645:6:mbedtls_ssl_session_init	0	static
ssl_tls.c:3812:6:mbedtls_ssl_init	0	static
ssl_tls.c:3821:5:mbedtls_ssl_setup	16	static
ssl_tls.c:3905:5:mbedtls_ssl_session_reset_int	16	static
ssl_tls.c:4031:5:mbedtls_ssl_session_reset	16	static
ssl_tls.c:4039:6:mbedtls_ssl_conf_endpoint	0	static
ssl_tls.c:4044:6:mbedtls_ssl_conf_transport	0	static
ssl_tls.c:4079:6:mbedtls_ssl_conf_authmode	0	static
ssl_tls.c:4085:6:mbedtls_ssl_conf_verify	0	static
ssl_tls.c:4094:6:mbedtls_ssl_conf_rng	0	static
ssl_tls.c:4102:6:mbedtls_ssl_conf_dbg	0	static
ssl_tls.c:4110:6:mbedtls_ssl_set_bio	4	static
ssl_tls.c:4129:6:mbedtls_ssl_conf_read_timeout	0	static
ssl_tls.c:4134:6:mbedtls_ssl_set_timer_cb	4	static
ssl_tls.c:4160:5:mbedtls_ssl_set_session	24	static
ssl_tls.c:4182:6:mbedtls_ssl_conf_ciphersuites	0	static
ssl_tls.c:4191:6:mbedtls_ssl_conf_ciphersuites_for_version	0	static
ssl_tls.c:4205:6:mbedtls_ssl_conf_cert_profile	0	static
ssl_tls.c:4242:5:mbedtls_ssl_conf_own_cert	16	static
ssl_tls.c:4249:6:mbedtls_ssl_conf_ca_chain	0	static
ssl_tls.c:4281:5:mbedtls_ssl_set_hs_own_cert	16	static
ssl_tls.c:4289:6:mbedtls_ssl_set_hs_ca_chain	0	static
ssl_tls.c:4297:6:mbedtls_ssl_set_hs_authmode	0	static
ssl_tls.c:4305:6:mbedtls_ssl_set_verify	0	static
ssl_tls.c:4583:6:mbedtls_ssl_conf_sig_hashes	0	static
ssl_tls.c:4602:5:mbedtls_ssl_set_hostname	24	static
ssl_tls.c:4648:6:mbedtls_ssl_conf_sni	0	static
ssl_tls.c:4659:5:mbedtls_ssl_conf_alpn_protocols	24	static
ssl_tls.c:4686:13:mbedtls_ssl_get_alpn_protocol	0	static
ssl_tls.c:4772:6:mbedtls_ssl_conf_max_version	0	static
ssl_tls.c:4778:6:mbedtls_ssl_conf_min_version	0	static
ssl_tls.c:4849:6:mbedtls_ssl_conf_legacy_renegotiation	0	static
ssl_tls.c:4951:10:mbedtls_ssl_get_verify_result	0	static
ssl_tls.c:4962:13:mbedtls_ssl_get_ciphersuite	0	static
ssl_tls.c:4970:13:mbedtls_ssl_get_version	0	static
ssl_tls.c:5098:5:mbedtls_ssl_get_max_out_record_payload	0	static
ssl_tls.c:5144:25:mbedtls_ssl_get_peer_cert	0	static
ssl_tls.c:5158:5:mbedtls_ssl_get_session	16	static
ssl_tls.c:5173:28:mbedtls_ssl_get_session_pointer	0	static
ssl_tls.c:5488:5:mbedtls_ssl_session_save	24	static
ssl_tls.c:5728:5:mbedtls_ssl_session_load	32	static
ssl_tls.c:5743:5:mbedtls_ssl_handshake_step	0	static
ssl_tls.c:5765:5:mbedtls_ssl_handshake	8	static
ssl_tls.c:5944:6:mbedtls_ssl_handshake_free	16	static
ssl_tls.c:6125:6:mbedtls_ssl_session_free	8	static
ssl_tls.c:6785:6:mbedtls_ssl_free	16	static
ssl_tls.c:6878:6:mbedtls_ssl_config_init	0	static
ssl_tls.c:6929:5:mbedtls_ssl_config_defaults	16	static
ssl_tls.c:7093:6:mbedtls_ssl_config_free	16	static
ssl_tls.c:7130:15:mbedtls_ssl_sig_from_pk	8	static
ssl_tls.c:7143:15:mbedtls_ssl_sig_from_pk_alg	0	static
ssl_tls.c:7156:19:mbedtls_ssl_pk_alg_from_sig	0	static
ssl_tls.c:7178:19:mbedtls_ssl_sig_hash_set_find	0	static
ssl_tls.c:7193:6:mbedtls_ssl_sig_hash_set_add	0	static
ssl_tls.c:7215:6:mbedtls_ssl_sig_hash_set_const_hash	0	static
ssl_tls.c:7228:19:mbedtls_ssl_md_alg_from_hash	0	static
ssl_tls.c:7260:15:mbedtls_ssl_hash_from_md_alg	0	static
ssl_tls.c:7314:5:mbedtls_ssl_check_sig_hash	0	static
ssl_tls.c:7331:5:mbedtls_ssl_check_cert_usage	0	static
ssl_tls.c:7421:5:mbedtls_ssl_set_calc_verify_md	0	static
ssl_tls.c:7615:5:mbedtls_ssl_get_key_exchange_md_tls1_2	48	static
