stm32l5xx_hal_uart.c:3946:13:UART_TxISR_8BIT	0	static
stm32l5xx_hal_uart.c:3975:13:UART_TxISR_16BIT	0	static
stm32l5xx_hal_uart.c:4047:13:UART_TxISR_16BIT_FIFOEN	4	static
stm32l5xx_hal_uart.c:4007:13:UART_TxISR_8BIT_FIFOEN	4	static
stm32l5xx_hal_uart.c:664:13:HAL_UART_MspInit	0	static
stm32l5xx_hal_uart.c:679:13:HAL_UART_MspDeInit	0	static
stm32l5xx_hal_uart.c:618:19:HAL_UART_DeInit	16	static
stm32l5xx_hal_uart.c:1198:19:HAL_UART_Receive	32	static
stm32l5xx_hal_uart.c:1284:19:HAL_UART_Transmit_IT	12	static
stm32l5xx_hal_uart.c:1358:19:HAL_UART_Receive_IT	12	static
stm32l5xx_hal_uart.c:1401:19:HAL_UART_Transmit_DMA	24	static
stm32l5xx_hal_uart.c:1477:19:HAL_UART_Receive_DMA	24	static
stm32l5xx_hal_uart.c:1515:19:HAL_UART_DMAPause	4	static
stm32l5xx_hal_uart.c:1549:19:HAL_UART_DMAResume	0	static
stm32l5xx_hal_uart.c:1581:19:HAL_UART_DMAStop	16	static
stm32l5xx_hal_uart.c:1656:19:HAL_UART_Abort	16	static
stm32l5xx_hal_uart.c:1756:19:HAL_UART_AbortTransmit	8	static
stm32l5xx_hal_uart.c:1814:19:HAL_UART_AbortReceive	16	static
stm32l5xx_hal_uart.c:2533:13:HAL_UART_TxCpltCallback	0	static
stm32l5xx_hal_uart.c:3567:13:UART_DMATransmitCplt	8	static
stm32l5xx_hal_uart.c:2548:13:HAL_UART_TxHalfCpltCallback	0	static
stm32l5xx_hal_uart.c:3601:13:UART_DMATxHalfCplt	8	static
stm32l5xx_hal_uart.c:2563:13:HAL_UART_RxCpltCallback	0	static
stm32l5xx_hal_uart.c:2578:13:HAL_UART_RxHalfCpltCallback	0	static
stm32l5xx_hal_uart.c:2593:13:HAL_UART_ErrorCallback	0	static
stm32l5xx_hal_uart.c:3710:13:UART_DMAError	8	static
stm32l5xx_hal_uart.c:3750:13:UART_DMAAbortOnError	8	static
stm32l5xx_hal_uart.c:2608:13:HAL_UART_AbortCpltCallback	0	static
stm32l5xx_hal_uart.c:1881:19:HAL_UART_Abort_IT	16	static
stm32l5xx_hal_uart.c:3828:13:UART_DMARxAbortCallback	8	static
stm32l5xx_hal_uart.c:3773:13:UART_DMATxAbortCallback	8	static
stm32l5xx_hal_uart.c:2623:13:HAL_UART_AbortTransmitCpltCallback	0	static
stm32l5xx_hal_uart.c:2032:19:HAL_UART_AbortTransmit_IT	8	static
stm32l5xx_hal_uart.c:3880:13:UART_DMATxOnlyAbortCallback	8	static
stm32l5xx_hal_uart.c:2638:13:HAL_UART_AbortReceiveCpltCallback	0	static
stm32l5xx_hal_uart.c:2122:19:HAL_UART_AbortReceive_IT	16	static
stm32l5xx_hal_uart.c:3913:13:UART_DMARxOnlyAbortCallback	8	static
stm32l5xx_hal_uart.c:2655:13:HAL_UARTEx_RxEventCallback	0	static
stm32l5xx_hal_uart.c:2214:6:HAL_UART_IRQHandler	24	static
stm32l5xx_hal_uart.c:4113:13:UART_RxISR_8BIT	16	static
stm32l5xx_hal_uart.c:4183:13:UART_RxISR_16BIT	16	static
stm32l5xx_hal_uart.c:4255:13:UART_RxISR_8BIT_FIFOEN	40	static
stm32l5xx_hal_uart.c:4395:13:UART_RxISR_16BIT_FIFOEN	40	static
stm32l5xx_hal_uart.c:3676:13:UART_DMARxHalfCplt	8	static
stm32l5xx_hal_uart.c:3619:13:UART_DMAReceiveCplt	8	static
stm32l5xx_hal_uart.c:2703:6:HAL_UART_ReceiverTimeout_Config	0	static
stm32l5xx_hal_uart.c:2718:19:HAL_UART_EnableReceiverTimeout	8	static
stm32l5xx_hal_uart.c:2756:19:HAL_UART_DisableReceiverTimeout	8	static
stm32l5xx_hal_uart.c:2834:6:HAL_MultiProcessor_EnterMuteMode	0	static
stm32l5xx_hal_uart.c:2844:19:HAL_HalfDuplex_EnableTransmitter	8	static
stm32l5xx_hal_uart.c:2867:19:HAL_HalfDuplex_EnableReceiver	8	static
stm32l5xx_hal_uart.c:2891:19:HAL_LIN_SendBreak	8	static
stm32l5xx_hal_uart.c:2936:23:HAL_UART_GetState	0	static
stm32l5xx_hal_uart.c:2952:10:HAL_UART_GetError	0	static
stm32l5xx_hal_uart.c:2998:19:UART_SetConfig	16	static
stm32l5xx_hal_uart.c:3217:6:UART_AdvFeatureConfig	4	static
stm32l5xx_hal_uart.c:3291:19:UART_CheckIdleState	16	static
stm32l5xx_hal_uart.c:301:19:HAL_UART_Init	16	static
stm32l5xx_hal_uart.c:374:19:HAL_HalfDuplex_Init	16	static
stm32l5xx_hal_uart.c:447:19:HAL_LIN_Init	16	static
stm32l5xx_hal_uart.c:544:19:HAL_MultiProcessor_Init	24	static
stm32l5xx_hal_uart.c:2794:19:HAL_MultiProcessor_EnableMuteMode	8	static
stm32l5xx_hal_uart.c:2814:19:HAL_MultiProcessor_DisableMuteMode	8	static
stm32l5xx_hal_uart.c:3342:19:UART_WaitOnFlagUntilTimeout	32	static
stm32l5xx_hal_uart.c:1109:19:HAL_UART_Transmit	40	static
stm32l5xx_hal_uart.c:3402:19:UART_Start_Receive_IT	8	static
stm32l5xx_hal_uart.c:3468:19:UART_Start_Receive_DMA	24	static
