stm32l5xx_hal_gtzc.c:216:19:HAL_GTZC_TZSC_ConfigPeriphAttributes	4	static
stm32l5xx_hal_gtzc.c:318:19:HAL_GTZC_TZSC_GetConfigPeriphAttributes	16	static
stm32l5xx_hal_gtzc.c:456:19:HAL_GTZC_TZSC_MPCWM_ConfigMemAttributes	8	static
stm32l5xx_hal_gtzc.c:558:19:HAL_GTZC_TZSC_MPCWM_GetConfigMemAttributes	4	static
stm32l5xx_hal_gtzc.c:666:6:HAL_GTZC_TZSC_Lock	0	static
stm32l5xx_hal_gtzc.c:678:10:HAL_GTZC_TZSC_GetLock	0	static
stm32l5xx_hal_gtzc.c:710:19:HAL_GTZC_MPCBB_ConfigMem	12	static
stm32l5xx_hal_gtzc.c:772:19:HAL_GTZC_MPCBB_GetConfigMem	16	static
stm32l5xx_hal_gtzc.c:830:19:HAL_GTZC_MPCBB_ConfigMemAttributes	24	static
stm32l5xx_hal_gtzc.c:925:19:HAL_GTZC_MPCBB_GetConfigMemAttributes	16	static
stm32l5xx_hal_gtzc.c:1005:19:HAL_GTZC_MPCBB_LockConfig	16	static
stm32l5xx_hal_gtzc.c:1087:19:HAL_GTZC_MPCBB_GetLockConfig	12	static
stm32l5xx_hal_gtzc.c:1145:19:HAL_GTZC_MPCBB_Lock	0	static
stm32l5xx_hal_gtzc.c:1170:19:HAL_GTZC_MPCBB_GetLock	0	static
stm32l5xx_hal_gtzc.c:1215:19:HAL_GTZC_TZIC_DisableIT	4	static
stm32l5xx_hal_gtzc.c:1250:19:HAL_GTZC_TZIC_EnableIT	8	static
stm32l5xx_hal_gtzc.c:1291:19:HAL_GTZC_TZIC_GetFlag	12	static
stm32l5xx_hal_gtzc.c:1343:19:HAL_GTZC_TZIC_ClearFlag	8	static
stm32l5xx_hal_gtzc.c:1478:13:HAL_GTZC_TZIC_Callback	0	static
stm32l5xx_hal_gtzc.c:1392:6:HAL_GTZC_IRQHandler	16	static
