seg.c:138:9:get_seg_channel	0	static
seg.c:255:6:set_device_status_all	8	static
seg.c:265:6:set_device_status	8	static
seg.c:302:9:get_device_status	8	static
seg.c:1206:5:get_wiz_tls_init_state	0	static
seg.c:1212:6:set_wiz_tls_init_state	0	static
seg.c:1899:10:get_serial_data	32	static
seg.c:2140:10:get_tcp_any_port	16	static
seg.c:2160:9:get_serial_communation_protocol	8	static
seg.c:2172:6:send_keepalive_packet_manual	0	static
seg.c:2182:9:process_socket_termination	32	static
seg.c:2210:9:check_connect_pw_auth	48	static
seg.c:2238:6:init_trigger_modeswitch	24	static
seg.c:2288:9:check_modeswitch_trigger	32	static
seg.c:2341:6:restore_serial_data	16	static
seg.c:2355:9:check_serial_store_permitted	16	static
seg.c:2393:6:reset_SEG_timeflags	8	static
seg.c:2413:6:init_time_delimiter_timer	8	static
seg.c:2430:9:check_tcp_connect_exception	40	static
seg.c:2496:6:clear_data_transfer_bytecount	0	static
seg.c:2520:6:clear_data_transfer_megacount	0	static
seg.c:2543:6:add_data_transfer_bytecount	4	static
seg.c:2561:5:wizchip_mqtt_publish	40	static
seg.c:2611:10:get_data_transfer_bytecount	0	static
seg.c:2618:10:get_data_transfer_megacount	0	static
seg.c:2625:10:debugSerial_dataTransfer	48	static
seg.c:1789:6:uart_to_ether	56	static
seg.c:921:6:proc_SEG_mqtt_client	88	static
seg.c:1979:6:ether_to_uart	64	static
seg.c:311:6:proc_SEG_udp	32	static
seg.c:408:6:proc_SEG_tcp_client	80	static
seg.c:652:6:proc_SEG_tcp_client_over_tls	80	static
seg.c:1227:6:proc_SEG_tcp_server	64	static
seg.c:1454:6:proc_SEG_tcp_mixed	64	static
seg.c:150:6:do_seg	48	static
seg.c:2580:6:mqtt_subscribeMessageHandler	16	static
seg.c:2647:6:send_sid	88	static
seg.c:2726:6:seg_timer_msec	24	static
seg.c:2797:6:seg_timer_sec	0	static
