gpioHandler.c:37:6:GPIO_Configuration	80	static
gpioHandler.c:96:6:GPIO_Output_Set	0	static
gpioHandler.c:102:6:GPIO_Output_Reset	0	static
gpioHandler.c:108:6:GPIO_Output_Toggle	0	static
gpioHandler.c:114:9:GPIO_Output_Read	0	static
gpioHandler.c:120:9:GPIO_Input_Read	0	static
gpioHandler.c:128:6:Device_IO_Init	8	static
gpioHandler.c:464:6:init_connection_status_io	0	static
gpioHandler.c:482:6:set_connection_status_io	16	static
gpioHandler.c:520:9:get_connection_status_io	8	static
gpioHandler.c:559:6:init_phylink_status_pin	48	static
gpioHandler.c:573:6:init_flowcontrol_dtr_pin	0	static
gpioHandler.c:586:6:set_flowcontrol_dtr_pin	0	static
gpioHandler.c:597:6:init_flowcontrol_dsr_pin	0	static
gpioHandler.c:608:9:get_flowcontrol_dsr_pin	0	static
gpioHandler.c:615:9:check_phylink_status	16	static
gpioHandler.c:637:6:gpio_handler_timer_msec	0	static
gpioHandler.c:650:6:HAL_GPIO_EXTI_Falling_Callback	0	static
