uartHandler.c:72:6:DEBUG_UART_Configuration	0	static
uartHandler.c:101:6:HAL_UART_TxCpltCallback	0	static
uartHandler.c:137:6:HAL_UART_RxCpltCallback	24	static
uartHandler.c:293:6:DATA0_UART_Configuration	8	static
uartHandler.c:353:6:init_serial_settings	16	static
uartHandler.c:492:6:check_uart_flow_control	32	static
uartHandler.c:542:9:uart_putc	24	static
uartHandler.c:580:9:uart_puts	8	static
uartHandler.c:603:9:uart_getc	4	static
uartHandler.c:619:9:uart_getc_nonblk	4	static
uartHandler.c:635:9:uart_gets	48	static
uartHandler.c:656:6:uart_rx_flush	0	static
uartHandler.c:664:9:get_byte_from_uart	16	static
uartHandler.c:681:6:get_byte_from_uart_it	0	static
uartHandler.c:694:6:put_byte_to_uart_buffer	8	static
uartHandler.c:705:10:get_uart_buffer_usedsize	0	static
uartHandler.c:717:10:get_uart_buffer_freesize	0	static
uartHandler.c:728:8:is_uart_buffer_empty	0	static
uartHandler.c:739:8:is_uart_buffer_full	0	static
