bignum.c:1542:6:mpi_mul_hlp	16	static,ignoring_inline_asm
bignum.c:2028:13:mpi_montmul.isra.0	48	static
bignum.c:1130:5:mbedtls_mpi_cmp_mpi.constprop	8	static
bignum.c:2536:12:mpi_check_small_factors.part.0	20	static
bignum.c:1054:5:mbedtls_mpi_shift_r.constprop	16	static
bignum.c:84:6:mbedtls_mpi_init	0	static
bignum.c:96:6:mbedtls_mpi_free	8	static
bignum.c:115:5:mbedtls_mpi_grow	24	static
bignum.c:146:5:mbedtls_mpi_shrink	32	static
bignum.c:187:5:mbedtls_mpi_copy	32	static
bignum.c:229:6:mbedtls_mpi_swap	32	static
bignum.c:261:5:mbedtls_mpi_safe_cond_assign	32	static
bignum.c:290:5:mbedtls_mpi_safe_cond_swap	32	static
bignum.c:326:5:mbedtls_mpi_lset	24	static
bignum.c:345:5:mbedtls_mpi_get_bit	0	static
bignum.c:362:5:mbedtls_mpi_set_bit	48	static
bignum.c:391:8:mbedtls_mpi_lsb	12	static
bignum.c:425:8:mbedtls_mpi_bitlen	0	static
bignum.c:444:8:mbedtls_mpi_size	4	static
bignum.c:843:5:mbedtls_mpi_read_binary_le	32	static
bignum.c:876:5:mbedtls_mpi_read_binary	32	static
bignum.c:918:5:mbedtls_mpi_write_binary_le	24	static
bignum.c:957:5:mbedtls_mpi_write_binary	24	static
bignum.c:1003:5:mbedtls_mpi_shift_l	40	static
bignum.c:1054:5:mbedtls_mpi_shift_r	32	static
bignum.c:1098:5:mbedtls_mpi_cmp_abs	8	static
bignum.c:1130:5:mbedtls_mpi_cmp_mpi	16	static
bignum.c:1200:5:mbedtls_mpi_lt_mpi_ct	36	static
bignum.c:1266:5:mbedtls_mpi_cmp_int	16	static
bignum.c:1283:5:mbedtls_mpi_add_abs	40	static
bignum.c:1373:5:mbedtls_mpi_sub_abs	40	static
bignum.c:1428:5:mbedtls_mpi_add_mpi	24	static
bignum.c:1463:5:mbedtls_mpi_sub_mpi	24	static
bignum.c:1498:5:mbedtls_mpi_add_int	40	static
bignum.c:1516:5:mbedtls_mpi_sub_int	40	static
bignum.c:1606:5:mbedtls_mpi_mul_mpi	72	static
bignum.c:469:5:mbedtls_mpi_read_string	80	static
bignum.c:1760:5:mbedtls_mpi_div_mpi.constprop	176	static
bignum.c:582:5:mbedtls_mpi_write_string	80	static
bignum.c:1646:5:mbedtls_mpi_mul_int	24	static
bignum.c:1760:5:mbedtls_mpi_div_mpi	168	static
bignum.c:1888:5:mbedtls_mpi_div_int	32	static
bignum.c:1907:5:mbedtls_mpi_mod_mpi	16	static
bignum.c:1933:5:mbedtls_mpi_mod_int	16	static
bignum.c:2095:5:mbedtls_mpi_exp_mod	944	static
bignum.c:2312:5:mbedtls_mpi_gcd	56	static
bignum.c:2372:5:mbedtls_mpi_fill_random	40	static
bignum.c:2563:12:mpi_miller_rabin	152	static
bignum.c:2405:5:mbedtls_mpi_inv_mod	168	static
bignum.c:2656:5:mbedtls_mpi_is_prime_ext	48	static
bignum.c:2691:5:mbedtls_mpi_is_prime	40	static
bignum.c:2714:5:mbedtls_mpi_gen_prime	112	static
