cipher.c:904:12:get_no_padding	0	static
cipher.c:100:12:mbedtls_cipher_list	0	static
cipher.c:121:30:mbedtls_cipher_info_from_type	0	static
cipher.c:133:30:mbedtls_cipher_info_from_string	16	static
cipher.c:148:30:mbedtls_cipher_info_from_values	8	static
cipher.c:164:6:mbedtls_cipher_init	0	static
cipher.c:170:6:mbedtls_cipher_free	8	static
cipher.c:213:5:mbedtls_cipher_setup	16	static
cipher.c:273:5:mbedtls_cipher_setkey	8	static
cipher.c:371:5:mbedtls_cipher_set_iv	16	static
cipher.c:427:5:mbedtls_cipher_reset	0	static
cipher.c:448:5:mbedtls_cipher_update_ad	16	static
cipher.c:499:5:mbedtls_cipher_update	56	static
cipher.c:916:5:mbedtls_cipher_finish	32	static
cipher.c:1017:5:mbedtls_cipher_set_padding_mode	0	static
cipher.c:1080:5:mbedtls_cipher_write_tag	4	static
cipher.c:1122:5:mbedtls_cipher_check_tag	32	static
cipher.c:1198:5:mbedtls_cipher_crypt	56	static
cipher.c:1293:5:mbedtls_cipher_auth_encrypt	28	static
cipher.c:1396:5:mbedtls_cipher_auth_decrypt	40	static
