md5.c:69:6:mbedtls_md5_init	0	static
md5.c:74:6:mbedtls_md5_free	0	static
md5.c:82:6:mbedtls_md5_clone	8	static
md5.c:91:5:mbedtls_md5_starts_ret	8	static
md5.c:105:6:mbedtls_md5_starts	8	static
md5.c:112:5:mbedtls_internal_md5_process	88	static
md5.c:253:5:mbedtls_md5_update_ret.part.0	32	static
md5.c:242:6:mbedtls_md5_process	0	static
md5.c:253:5:mbedtls_md5_update_ret	0	static
md5.c:302:6:mbedtls_md5_update	0	static
md5.c:313:5:mbedtls_md5_finish_ret	16	static
md5.c:368:6:mbedtls_md5_finish	16	static
md5.c:380:5:mbedtls_md5_ret	104	static
md5.c:405:6:mbedtls_md5	104	static
