pk_wrap.c:65:12:rsa_can_do	0	static
pk_wrap.c:178:13:rsa_debug	8	static
pk_wrap.c:745:12:rsa_alt_can_do	0	static
pk_wrap.c:750:15:rsa_alt_get_bitlen	8	static
pk_wrap.c:757:12:rsa_alt_sign_wrap	40	static
pk_wrap.c:777:12:rsa_alt_decrypt_wrap	32	static
pk_wrap.c:172:13:rsa_free_wrap	8	static
pk_wrap.c:162:14:rsa_alloc_wrap	8	static
pk_wrap.c:156:12:rsa_check_pair_wrap	0	static
pk_wrap.c:71:15:rsa_get_bitlen	8	static
pk_wrap.c:141:12:rsa_encrypt_wrap	40	static
pk_wrap.c:127:12:rsa_decrypt_wrap	40	static
pk_wrap.c:109:12:rsa_sign_wrap	40	static
pk_wrap.c:77:12:rsa_verify_wrap	48	static
pk_wrap.c:834:13:rsa_alt_free_wrap	8	static
pk_wrap.c:824:14:rsa_alt_alloc_wrap	0	static
pk_wrap.c:795:12:rsa_alt_check_pair	1096	static
