rsa.c:1095:12:mgf_mask	80	static
rsa.c:1937:12:rsa_rsassa_pkcs1_v15_encode	48	static
rsa.c:155:12:rsa_check_context.isra.0	24	static
rsa.c:91:5:mbedtls_rsa_import	24	static
rsa.c:114:5:mbedtls_rsa_import_raw	16	static
rsa.c:243:5:mbedtls_rsa_complete	88	static
rsa.c:347:5:mbedtls_rsa_export_raw	72	static
rsa.c:395:5:mbedtls_rsa_export	48	static
rsa.c:440:5:mbedtls_rsa_export_crt	24	static
rsa.c:480:6:mbedtls_rsa_init	16	static
rsa.c:500:6:mbedtls_rsa_set_padding	0	static
rsa.c:515:8:mbedtls_rsa_get_len	0	static
rsa.c:643:5:mbedtls_rsa_check_pubkey	16	static
rsa.c:668:5:mbedtls_rsa_check_privkey	48	static
rsa.c:529:5:mbedtls_rsa_gen_key	104	static
rsa.c:698:5:mbedtls_rsa_check_pub_priv	24	static
rsa.c:722:5:mbedtls_rsa_public	56	static
rsa.c:858:5:mbedtls_rsa_private	232	static
rsa.c:1147:5:mbedtls_rsa_rsaes_oaep_encrypt	72	static
rsa.c:1236:5:mbedtls_rsa_rsaes_pkcs1_v15_encrypt	48	static
rsa.c:1308:5:mbedtls_rsa_pkcs1_encrypt	48	static
rsa.c:1344:5:mbedtls_rsa_rsaes_oaep_decrypt	1128	static
rsa.c:1582:5:mbedtls_rsa_rsaes_pkcs1_v15_decrypt	1072	static
rsa.c:1754:5:mbedtls_rsa_pkcs1_decrypt	48	static
rsa.c:1793:5:mbedtls_rsa_rsassa_pss_sign	128	static
rsa.c:2052:5:mbedtls_rsa_rsassa_pkcs1_v15_sign	48	static
rsa.c:2132:5:mbedtls_rsa_pkcs1_sign	48	static
rsa.c:2172:5:mbedtls_rsa_rsassa_pss_verify_ext	1120	static
rsa.c:2322:5:mbedtls_rsa_rsassa_pss_verify	48	static
rsa.c:2356:5:mbedtls_rsa_rsassa_pkcs1_v15_verify	48	static
rsa.c:2439:5:mbedtls_rsa_pkcs1_verify	56	static
rsa.c:2478:5:mbedtls_rsa_copy	72	static
rsa.c:2520:6:mbedtls_rsa_free	8	static
