ssl_msg.c:67:6:mbedtls_ssl_set_timer	0	static
ssl_msg.c:79:5:mbedtls_ssl_check_timer	8	static
ssl_msg.c:570:5:mbedtls_ssl_encrypt_buf	160	static
ssl_msg.c:1279:5:mbedtls_ssl_decrypt_buf	256	static
ssl_msg.c:1991:5:mbedtls_ssl_fetch_input	24	static
ssl_msg.c:2208:5:mbedtls_ssl_flush_output	16	static
ssl_msg.c:2643:5:mbedtls_ssl_write_handshake_msg	64	static
ssl_msg.c:2802:5:mbedtls_ssl_write_record	64	static
ssl_msg.c:3116:5:mbedtls_ssl_prepare_handshake_record	8	static
ssl_msg.c:3208:6:mbedtls_ssl_update_handshake_status	4	static
ssl_msg.c:4006:5:mbedtls_ssl_read_record	72	static
ssl_msg.c:4885:5:mbedtls_ssl_handle_message_type	4	static
ssl_msg.c:5019:5:mbedtls_ssl_send_fatal_handshake_failure	64	static
ssl_msg.c:5026:5:mbedtls_ssl_send_alert_message	64	static
ssl_msg.c:5053:5:mbedtls_ssl_write_change_cipher_spec	64	static
ssl_msg.c:5076:5:mbedtls_ssl_parse_change_cipher_spec	16	static
ssl_msg.c:5166:6:mbedtls_ssl_update_out_pointers	4	static
ssl_msg.c:5208:6:mbedtls_ssl_update_in_pointers	0	static
ssl_msg.c:5255:6:mbedtls_ssl_reset_in_out_pointers	8	static
ssl_msg.c:5279:8:mbedtls_ssl_get_bytes_avail	0	static
ssl_msg.c:5284:5:mbedtls_ssl_check_pending	0	static
ssl_msg.c:5340:5:mbedtls_ssl_get_record_expansion	4	static
ssl_msg.c:5435:5:mbedtls_ssl_read	24	static
ssl_msg.c:5857:5:mbedtls_ssl_write	16	static
ssl_msg.c:5897:5:mbedtls_ssl_close_notify	8	static
ssl_msg.c:5925:6:mbedtls_ssl_transform_free	8	static
ssl_msg.c:5991:6:mbedtls_ssl_write_version	0	static
ssl_msg.c:6013:6:mbedtls_ssl_read_version	0	static
