wizchip_conf.c:67:9:wizchip_cris_enter	0	static
wizchip_conf.c:100:10:wizchip_bus_readdata	0	static
wizchip_conf.c:109:7:wizchip_bus_writedata	0	static
wizchip_conf.c:117:9:wizchip_spi_readbyte	0	static
wizchip_conf.c:125:7:wizchip_spi_writebyte	0	static
wizchip_conf.c:133:7:wizchip_spi_readburst	0	static
wizchip_conf.c:144:6:wizchip_bus_readburst	0	static
wizchip_conf.c:145:6:wizchip_bus_writeburst	0	static
wizchip_conf.c:141:7:wizchip_spi_writeburst	0	static
wizchip_conf.c:91:7:wizchip_cs_deselect	0	static
wizchip_conf.c:75:9:wizchip_cris_exit	0	static
wizchip_conf.c:83:7:wizchip_cs_select	0	static
wizchip_conf.c:191:6:reg_wizchip_cris_cbfunc	0	static
wizchip_conf.c:205:6:reg_wizchip_cs_cbfunc	0	static
wizchip_conf.c:221:6:reg_wizchip_bus_cbfunc	0	static
wizchip_conf.c:237:6:reg_wizchip_busburst_cbfunc	0	static
wizchip_conf.c:254:6:reg_wizchip_spi_cbfunc	0	static
wizchip_conf.c:271:6:reg_wizchip_spiburst_cbfunc	0	static
wizchip_conf.c:397:6:wizchip_sw_reset	32	static
wizchip_conf.c:423:8:wizchip_init	24	static
wizchip_conf.c:287:8:ctlwizchip	8	static
wizchip_conf.c:505:6:wizchip_clrinterrupt	0	static
wizchip_conf.c:532:11:wizchip_getinterrupt	8	static
wizchip_conf.c:563:6:wizchip_setinterruptmask	0	static
wizchip_conf.c:587:11:wizchip_getinterruptmask	8	static
wizchip_conf.c:616:8:wizphy_getphylink	8	static
wizchip_conf.c:642:8:wizphy_getphypmode	0	static
wizchip_conf.c:775:6:wizchip_setnetinfo	8	static
wizchip_conf.c:789:6:wizchip_getnetinfo	24	static
wizchip_conf.c:369:8:ctlnetwork	16	static
wizchip_conf.c:805:8:wizchip_setnetmode	16	static
wizchip_conf.c:819:14:wizchip_getnetmode	0	static
wizchip_conf.c:824:6:wizchip_settimeout	8	static
wizchip_conf.c:830:6:wizchip_gettimeout	16	static
