SSLInterface.c:30:5:WIZnetRecvTimeOut	24	static
SSLInterface.c:45:5:WIZnetRecv	0	static
SSLInterface.c:51:5:WIZnetSend	0	static
SSLInterface.c:71:5:wiz_tls_init	32	static
SSLInterface.c:226:6:wiz_tls_deinit	8	static
SSLInterface.c:252:5:wiz_tls_socket	8	static
SSLInterface.c:259:5:wiz_tls_connect	8	static
SSLInterface.c:292:5:wiz_tls_connect_timeout	560	static
SSLInterface.c:349:5:wiz_tls_socket_connect	24	static
SSLInterface.c:389:5:wiz_tls_socket_connect_timeout	32	static
SSLInterface.c:444:14:wiz_tls_read	0	static
SSLInterface.c:449:14:wiz_tls_write	0	static
SSLInterface.c:454:5:wiz_tls_disconnect	24	static
SSLInterface.c:473:14:wiz_tls_x509_verify	0	static
SSLInterface.c:507:14:wiz_tls_close_notify	8	static
SSLInterface.c:518:5:wiz_tls_session_reset	0	static
SSLInterface.c:524:5:check_ca	360	static
SSLInterface.c:545:5:check_pkey	32	static
