cJSON.c:968:22:buffer_skip_whitespace	8	static
cJSON.c:373:23:ensure	16	static
cJSON.c:1273:19:print_value.part.8	80	static
cJSON.c:1778:15:get_object_item	32	static
cJSON.c:703:19:parse_string.isra.0	56	static
cJSON.c:70:28:cJSON_GetErrorPtr	0	static
cJSON.c:75:22:cJSON_GetStringValue	0	static
cJSON.c:88:27:cJSON_Version	16	static
cJSON.c:170:20:cJSON_InitHooks	8	static
cJSON.c:214:20:cJSON_Delete	32	static
cJSON.c:1218:19:parse_value	112	static
cJSON.c:343:26:cJSON_SetNumberHelper	0	static
cJSON.c:1005:23:cJSON_ParseWithOpts	80	static
cJSON.c:1085:23:cJSON_Parse	80	static
cJSON.c:1158:22:cJSON_Print	64	static
cJSON.c:1163:22:cJSON_PrintUnformatted	64	static
cJSON.c:1168:22:cJSON_PrintBuffered	64	static
cJSON.c:1198:26:cJSON_PrintPreallocated	112	static
cJSON.c:1726:19:cJSON_GetArraySize	0	static
cJSON.c:1768:23:cJSON_GetArrayItem	0	static
cJSON.c:1806:23:cJSON_GetObjectItem	32	static
cJSON.c:1811:23:cJSON_GetObjectItemCaseSensitive	16	static
cJSON.c:1816:26:cJSON_HasObjectItem	32	static
cJSON.c:1880:20:cJSON_AddItemToArray	0	static
cJSON.c:1938:20:cJSON_AddItemToObject	32	static
cJSON.c:1944:20:cJSON_AddItemToObjectCS	24	static
cJSON.c:1949:20:cJSON_AddItemReferenceToArray	24	static
cJSON.c:1959:20:cJSON_AddItemReferenceToObject	32	static
cJSON.c:1969:22:cJSON_AddNullToObject	32	static
cJSON.c:1981:22:cJSON_AddTrueToObject	32	static
cJSON.c:1993:22:cJSON_AddFalseToObject	32	static
cJSON.c:2005:22:cJSON_AddBoolToObject	32	static
cJSON.c:2017:22:cJSON_AddNumberToObject	32	static
cJSON.c:2029:22:cJSON_AddStringToObject	32	static
cJSON.c:2041:22:cJSON_AddRawToObject	32	static
cJSON.c:2053:22:cJSON_AddObjectToObject	32	static
cJSON.c:2065:22:cJSON_AddArrayToObject	32	static
cJSON.c:2077:23:cJSON_DetachItemViaPointer	0	static
cJSON.c:2107:23:cJSON_DetachItemFromArray	4	static
cJSON.c:2117:20:cJSON_DeleteItemFromArray	48	static
cJSON.c:2122:23:cJSON_DetachItemFromObject	40	static
cJSON.c:2129:23:cJSON_DetachItemFromObjectCaseSensitive	24	static
cJSON.c:2136:20:cJSON_DeleteItemFromObject	48	static
cJSON.c:2141:20:cJSON_DeleteItemFromObjectCaseSensitive	48	static
cJSON.c:2147:20:cJSON_InsertItemInArray	4	static
cJSON.c:2176:26:cJSON_ReplaceItemViaPointer	32	static
cJSON.c:2211:20:cJSON_ReplaceItemInArray	32	static
cJSON.c:2241:20:cJSON_ReplaceItemInObject	48	static
cJSON.c:2246:20:cJSON_ReplaceItemInObjectCaseSensitive	32	static
cJSON.c:2252:23:cJSON_CreateNull	8	static
cJSON.c:2263:23:cJSON_CreateTrue	8	static
cJSON.c:2274:23:cJSON_CreateFalse	8	static
cJSON.c:2285:23:cJSON_CreateBool	16	static
cJSON.c:2296:23:cJSON_CreateNumber	16	static
cJSON.c:2322:23:cJSON_CreateString	24	static
cJSON.c:2339:23:cJSON_CreateStringReference	16	static
cJSON.c:2351:23:cJSON_CreateObjectReference	16	static
cJSON.c:2362:23:cJSON_CreateArrayReference	16	static
cJSON.c:2372:23:cJSON_CreateRaw	24	static
cJSON.c:2389:23:cJSON_CreateArray	16	static
cJSON.c:2400:23:cJSON_CreateObject	8	static
cJSON.c:2412:23:cJSON_CreateIntArray	40	static
cJSON.c:2447:23:cJSON_CreateFloatArray	48	static
cJSON.c:2483:23:cJSON_CreateDoubleArray	40	static
cJSON.c:2519:23:cJSON_CreateStringArray	48	static
cJSON.c:2556:23:cJSON_Duplicate	80	static
cJSON.c:2635:20:cJSON_Minify	16	static
cJSON.c:2705:26:cJSON_IsInvalid	0	static
cJSON.c:2715:26:cJSON_IsFalse	0	static
cJSON.c:2725:26:cJSON_IsTrue	0	static
cJSON.c:2736:26:cJSON_IsBool	0	static
cJSON.c:2745:26:cJSON_IsNull	0	static
cJSON.c:2755:26:cJSON_IsNumber	0	static
cJSON.c:2765:26:cJSON_IsString	0	static
cJSON.c:2775:26:cJSON_IsArray	0	static
cJSON.c:2785:26:cJSON_IsObject	0	static
cJSON.c:2795:26:cJSON_IsRaw	0	static
cJSON.c:2805:26:cJSON_Compare	24	static
cJSON.c:2930:22:cJSON_malloc	0	static
cJSON.c:2935:20:cJSON_free	0	static
