cJSON_Utils.c:73:12:compare_strings.part.3	24	static
cJSON_Utils.c:1069:13:compose_patch.part.6	32	static
cJSON_Utils.c:460:15:sort_list	24	static
cJSON_Utils.c:1294:15:merge_patch.part.8	24	static
cJSON_Utils.c:1294:15:merge_patch	16	static
cJSON_Utils.c:579:19:compare_json.part.5	24	static
cJSON_Utils.c:1363:15:generate_merge_patch.part.9	32	static
cJSON_Utils.c:281:15:get_item_from_pointer.part.2	40	static
cJSON_Utils.c:281:15:get_item_from_pointer.part.2.constprop	24	static
cJSON_Utils.c:406:15:detach_path	32	static
cJSON_Utils.c:1114:13:create_patches.part.7	56	static
cJSON_Utils.c:179:22:cJSONUtils_FindPointerFromObjectTo	56	static
cJSON_Utils.c:328:23:cJSONUtils_GetPointer	0	static
cJSON_Utils.c:333:23:cJSONUtils_GetPointerCaseSensitive	0	static
cJSON_Utils.c:1011:19:cJSONUtils_ApplyPatches	120	static
cJSON_Utils.c:1040:19:cJSONUtils_ApplyPatchesCaseSensitive	120	static
cJSON_Utils.c:1109:20:cJSONUtils_AddPatchToArray	24	static
cJSON_Utils.c:1254:23:cJSONUtils_GeneratePatches	48	static
cJSON_Utils.c:1269:23:cJSONUtils_GeneratePatchesCaseSensitive	56	static
cJSON_Utils.c:1284:20:cJSONUtils_SortObject	24	static
cJSON_Utils.c:1289:20:cJSONUtils_SortObjectCaseSensitive	32	static
cJSON_Utils.c:1353:23:cJSONUtils_MergePatch	56	static
cJSON_Utils.c:1358:23:cJSONUtils_MergePatchCaseSensitive	48	static
cJSON_Utils.c:1441:23:cJSONUtils_GenerateMergePatch	16	static
cJSON_Utils.c:1446:23:cJSONUtils_GenerateMergePatchCaseSensitive	16	static
