dhcp.c:254:6:default_ip_assign	8	static
dhcp.c:272:6:default_ip_conflict	8	static
dhcp.c:262:6:default_ip_update	8	static
dhcp.c:281:6:reg_dhcp_cbfunc	8	static
dhcp.c:292:6:makeDHCPMSG	24	static
dhcp.c:351:6:send_DHCP_DISCOVER	56	static
dhcp.c:413:6:send_DHCP_REQUEST	104	static
dhcp.c:507:6:send_DHCP_DECLINE	40	static
dhcp.c:567:8:parseDHCPMSG	48	static
dhcp.c:777:9:DHCP_stop	8	static
dhcp.c:783:9:check_DHCP_timeout	16	static
dhcp.c:668:9:DHCP_run	32	static
dhcp.c:836:8:check_DHCP_leasedIP	24	static
dhcp.c:871:6:DHCP_init	24	static
dhcp.c:902:6:reset_DHCP_timeout	4	static
dhcp.c:909:6:DHCP_time_handler	0	static
dhcp.c:914:6:getIPfromDHCP	0	static
dhcp.c:922:6:getGWfromDHCP	0	static
dhcp.c:930:6:getSNfromDHCP	0	static
dhcp.c:938:6:getDNSfromDHCP	0	static
dhcp.c:946:10:getDHCPLeasetime	0	static
