mqtt_interface.c:319:6:wizchip_tls_disconnect	8	static
mqtt_interface.c:275:6:wizchip_disconnect	0	static
mqtt_interface.c:247:5:wizchip_read	16	static
mqtt_interface.c:262:5:wizchip_write	16	static
mqtt_interface.c:287:5:wizchip_tls_read	16	static
mqtt_interface.c:305:5:wizchip_tls_write	16	static
mqtt_interface.c:85:8:wizchip_mqtt_network_connect	40	static
mqtt_interface.c:93:6:wizchip_mqtt_network_disconnect	8	static
mqtt_interface.c:108:9:wizchip_mqtt_tls_enable	0	static
mqtt_interface.c:118:9:wizchip_mqtt_tls_get	0	static
mqtt_interface.c:123:6:wizchip_mqtt_set_ipport	8	static
mqtt_interface.c:129:10:get_mqtt_time	0	static
mqtt_interface.c:137:6:MilliTimer_Handler	0	static
mqtt_interface.c:146:6:TimerInit	0	static
mqtt_interface.c:155:6:TimerIsExpired	0	static
mqtt_interface.c:166:6:TimerCountdownMS	0	static
mqtt_interface.c:176:6:TimerCountdown	0	static
mqtt_interface.c:185:5:TimerLeftMS	0	static
mqtt_interface.c:198:6:NewNetwork	8	static
mqtt_interface.c:217:6:NewNetwork_TLS	16	static
mqtt_interface.c:333:5:ConnectNetwork	40	static
